Archive member included to satisfy reference by file (symbol)

c:/program files/eclipse kepler/eclipse-standard-kepler-sr2-java8-win32-x86_64/eclipse/avr-gcc-8.3.0-x64-mingw/bin/../lib/gcc/avr/8.3.0/avr6\libgcc.a(_exit.o)
                              c:/program files/eclipse kepler/eclipse-standard-kepler-sr2-java8-win32-x86_64/eclipse/avr-gcc-8.3.0-x64-mingw/bin/../lib/gcc/avr/8.3.0/../../../../avr/lib/avr6/crtatmega2560.o (exit)
c:/program files/eclipse kepler/eclipse-standard-kepler-sr2-java8-win32-x86_64/eclipse/avr-gcc-8.3.0-x64-mingw/bin/../lib/gcc/avr/8.3.0/avr6\libgcc.a(_copy_data.o)
                              ./smartSensor.o (__do_copy_data)
c:/program files/eclipse kepler/eclipse-standard-kepler-sr2-java8-win32-x86_64/eclipse/avr-gcc-8.3.0-x64-mingw/bin/../lib/gcc/avr/8.3.0/avr6\libgcc.a(_clear_bss.o)
                              ./adc.o (__do_clear_bss)
c:/program files/eclipse kepler/eclipse-standard-kepler-sr2-java8-win32-x86_64/eclipse/avr-gcc-8.3.0-x64-mingw/bin/../lib/gcc/avr/8.3.0/../../../../avr/lib/avr6\libc.a(sprintf.o)
                              ./uart.o (sprintf)
c:/program files/eclipse kepler/eclipse-standard-kepler-sr2-java8-win32-x86_64/eclipse/avr-gcc-8.3.0-x64-mingw/bin/../lib/gcc/avr/8.3.0/../../../../avr/lib/avr6\libc.a(vfprintf_std.o)
                              c:/program files/eclipse kepler/eclipse-standard-kepler-sr2-java8-win32-x86_64/eclipse/avr-gcc-8.3.0-x64-mingw/bin/../lib/gcc/avr/8.3.0/../../../../avr/lib/avr6\libc.a(sprintf.o) (vfprintf)
c:/program files/eclipse kepler/eclipse-standard-kepler-sr2-java8-win32-x86_64/eclipse/avr-gcc-8.3.0-x64-mingw/bin/../lib/gcc/avr/8.3.0/../../../../avr/lib/avr6\libc.a(strnlen_P.o)
                              c:/program files/eclipse kepler/eclipse-standard-kepler-sr2-java8-win32-x86_64/eclipse/avr-gcc-8.3.0-x64-mingw/bin/../lib/gcc/avr/8.3.0/../../../../avr/lib/avr6\libc.a(vfprintf_std.o) (strnlen_P)
c:/program files/eclipse kepler/eclipse-standard-kepler-sr2-java8-win32-x86_64/eclipse/avr-gcc-8.3.0-x64-mingw/bin/../lib/gcc/avr/8.3.0/../../../../avr/lib/avr6\libc.a(strnlen.o)
                              c:/program files/eclipse kepler/eclipse-standard-kepler-sr2-java8-win32-x86_64/eclipse/avr-gcc-8.3.0-x64-mingw/bin/../lib/gcc/avr/8.3.0/../../../../avr/lib/avr6\libc.a(vfprintf_std.o) (strnlen)
c:/program files/eclipse kepler/eclipse-standard-kepler-sr2-java8-win32-x86_64/eclipse/avr-gcc-8.3.0-x64-mingw/bin/../lib/gcc/avr/8.3.0/../../../../avr/lib/avr6\libc.a(fputc.o)
                              c:/program files/eclipse kepler/eclipse-standard-kepler-sr2-java8-win32-x86_64/eclipse/avr-gcc-8.3.0-x64-mingw/bin/../lib/gcc/avr/8.3.0/../../../../avr/lib/avr6\libc.a(vfprintf_std.o) (fputc)
c:/program files/eclipse kepler/eclipse-standard-kepler-sr2-java8-win32-x86_64/eclipse/avr-gcc-8.3.0-x64-mingw/bin/../lib/gcc/avr/8.3.0/../../../../avr/lib/avr6\libc.a(ultoa_invert.o)
                              c:/program files/eclipse kepler/eclipse-standard-kepler-sr2-java8-win32-x86_64/eclipse/avr-gcc-8.3.0-x64-mingw/bin/../lib/gcc/avr/8.3.0/../../../../avr/lib/avr6\libc.a(vfprintf_std.o) (__ultoa_invert)

Allocating common symbols
Common symbol       size              file

data1               0x2               ./adc.o
data2               0x2               ./adc.o
full                0x2               ./main.o
sthres              0x6               ./smartSensor.o
sdec                0x1               ./smartSensor.o
sdig                0x3               ./smartSensor.o
selow               0x1               ./smartSensor.o

Memory Configuration

Name             Origin             Length             Attributes
text             0x0000000000000000 0x0000000000100000 xr
data             0x0000000000800200 0x000000000000fe00 rw !x
eeprom           0x0000000000810000 0x0000000000010000 rw !x
fuse             0x0000000000820000 0x0000000000000400 rw !x
lock             0x0000000000830000 0x0000000000000400 rw !x
signature        0x0000000000840000 0x0000000000000400 rw !x
user_signatures  0x0000000000850000 0x0000000000000400 rw !x
*default*        0x0000000000000000 0xffffffffffffffff

Linker script and memory map

Address of section .data set to 0x800200
LOAD c:/program files/eclipse kepler/eclipse-standard-kepler-sr2-java8-win32-x86_64/eclipse/avr-gcc-8.3.0-x64-mingw/bin/../lib/gcc/avr/8.3.0/../../../../avr/lib/avr6/crtatmega2560.o
LOAD ./adc.o
LOAD ./main.o
LOAD ./smartSensor.o
LOAD ./spi.o
LOAD ./uart.o
START GROUP
LOAD c:/program files/eclipse kepler/eclipse-standard-kepler-sr2-java8-win32-x86_64/eclipse/avr-gcc-8.3.0-x64-mingw/bin/../lib/gcc/avr/8.3.0/avr6\libgcc.a
LOAD c:/program files/eclipse kepler/eclipse-standard-kepler-sr2-java8-win32-x86_64/eclipse/avr-gcc-8.3.0-x64-mingw/bin/../lib/gcc/avr/8.3.0/../../../../avr/lib/avr6\libm.a
LOAD c:/program files/eclipse kepler/eclipse-standard-kepler-sr2-java8-win32-x86_64/eclipse/avr-gcc-8.3.0-x64-mingw/bin/../lib/gcc/avr/8.3.0/../../../../avr/lib/avr6\libc.a
LOAD c:/program files/eclipse kepler/eclipse-standard-kepler-sr2-java8-win32-x86_64/eclipse/avr-gcc-8.3.0-x64-mingw/bin/../lib/gcc/avr/8.3.0/../../../../avr/lib/avr6\libatmega2560.a
END GROUP
                0x0000000000100000                __TEXT_REGION_LENGTH__ = DEFINED (__TEXT_REGION_LENGTH__)?__TEXT_REGION_LENGTH__:0x100000
                0x000000000000fe00                __DATA_REGION_LENGTH__ = DEFINED (__DATA_REGION_LENGTH__)?__DATA_REGION_LENGTH__:0xfe00
                0x0000000000010000                __EEPROM_REGION_LENGTH__ = DEFINED (__EEPROM_REGION_LENGTH__)?__EEPROM_REGION_LENGTH__:0x10000
                0x0000000000000400                __FUSE_REGION_LENGTH__ = DEFINED (__FUSE_REGION_LENGTH__)?__FUSE_REGION_LENGTH__:0x400
                0x0000000000000400                __LOCK_REGION_LENGTH__ = DEFINED (__LOCK_REGION_LENGTH__)?__LOCK_REGION_LENGTH__:0x400
                0x0000000000000400                __SIGNATURE_REGION_LENGTH__ = DEFINED (__SIGNATURE_REGION_LENGTH__)?__SIGNATURE_REGION_LENGTH__:0x400
                0x0000000000000400                __USER_SIGNATURE_REGION_LENGTH__ = DEFINED (__USER_SIGNATURE_REGION_LENGTH__)?__USER_SIGNATURE_REGION_LENGTH__:0x400

.hash
 *(.hash)

.dynsym
 *(.dynsym)

.dynstr
 *(.dynstr)

.gnu.version
 *(.gnu.version)

.gnu.version_d
 *(.gnu.version_d)

.gnu.version_r
 *(.gnu.version_r)

.rel.init
 *(.rel.init)

.rela.init
 *(.rela.init)

.rel.text
 *(.rel.text)
 *(.rel.text.*)
 *(.rel.gnu.linkonce.t*)

.rela.text
 *(.rela.text)
 *(.rela.text.*)
 *(.rela.gnu.linkonce.t*)

.rel.fini
 *(.rel.fini)

.rela.fini
 *(.rela.fini)

.rel.rodata
 *(.rel.rodata)
 *(.rel.rodata.*)
 *(.rel.gnu.linkonce.r*)

.rela.rodata
 *(.rela.rodata)
 *(.rela.rodata.*)
 *(.rela.gnu.linkonce.r*)

.rel.data
 *(.rel.data)
 *(.rel.data.*)
 *(.rel.gnu.linkonce.d*)

.rela.data
 *(.rela.data)
 *(.rela.data.*)
 *(.rela.gnu.linkonce.d*)

.rel.ctors
 *(.rel.ctors)

.rela.ctors
 *(.rela.ctors)

.rel.dtors
 *(.rel.dtors)

.rela.dtors
 *(.rela.dtors)

.rel.got
 *(.rel.got)

.rela.got
 *(.rela.got)

.rel.bss
 *(.rel.bss)

.rela.bss
 *(.rela.bss)

.rel.plt
 *(.rel.plt)

.rela.plt
 *(.rela.plt)

.text           0x0000000000000000      0xa24
 *(.vectors)
 .vectors       0x0000000000000000       0xe4 c:/program files/eclipse kepler/eclipse-standard-kepler-sr2-java8-win32-x86_64/eclipse/avr-gcc-8.3.0-x64-mingw/bin/../lib/gcc/avr/8.3.0/../../../../avr/lib/avr6/crtatmega2560.o
                0x0000000000000000                __vector_default
                0x0000000000000000                __vectors
 *(.vectors)
 *(.progmem.gcc*)
                0x00000000000000e4                . = ALIGN (0x2)
                0x00000000000000e4                __trampolines_start = .
 *(.trampolines)
 .trampolines   0x00000000000000e4        0x0 linker stubs
 *(.trampolines*)
                0x00000000000000e4                __trampolines_end = .
 *libprintf_flt.a:*(.progmem.data)
 *libc.a:*(.progmem.data)
 *(.progmem.*)
                0x00000000000000e4                . = ALIGN (0x2)
 *(.lowtext)
 *(.lowtext*)
                0x00000000000000e4                __ctors_start = .
 *(.ctors)
                0x00000000000000e4                __ctors_end = .
                0x00000000000000e4                __dtors_start = .
 *(.dtors)
                0x00000000000000e4                __dtors_end = .
 SORT_BY_NAME(*)(.ctors)
 SORT_BY_NAME(*)(.dtors)
 *(.init0)
 .init0         0x00000000000000e4        0x0 c:/program files/eclipse kepler/eclipse-standard-kepler-sr2-java8-win32-x86_64/eclipse/avr-gcc-8.3.0-x64-mingw/bin/../lib/gcc/avr/8.3.0/../../../../avr/lib/avr6/crtatmega2560.o
                0x00000000000000e4                __init
 *(.init0)
 *(.init1)
 *(.init1)
 *(.init2)
 .init2         0x00000000000000e4       0x10 c:/program files/eclipse kepler/eclipse-standard-kepler-sr2-java8-win32-x86_64/eclipse/avr-gcc-8.3.0-x64-mingw/bin/../lib/gcc/avr/8.3.0/../../../../avr/lib/avr6/crtatmega2560.o
 *(.init2)
 *(.init3)
 *(.init3)
 *(.init4)
 .init4         0x00000000000000f4       0x1a c:/program files/eclipse kepler/eclipse-standard-kepler-sr2-java8-win32-x86_64/eclipse/avr-gcc-8.3.0-x64-mingw/bin/../lib/gcc/avr/8.3.0/avr6\libgcc.a(_copy_data.o)
                0x00000000000000f4                __do_copy_data
 .init4         0x000000000000010e       0x10 c:/program files/eclipse kepler/eclipse-standard-kepler-sr2-java8-win32-x86_64/eclipse/avr-gcc-8.3.0-x64-mingw/bin/../lib/gcc/avr/8.3.0/avr6\libgcc.a(_clear_bss.o)
                0x000000000000010e                __do_clear_bss
 *(.init4)
 *(.init5)
 *(.init5)
 *(.init6)
 *(.init6)
 *(.init7)
 *(.init7)
 *(.init8)
 *(.init8)
 *(.init9)
 .init9         0x000000000000011e        0x8 c:/program files/eclipse kepler/eclipse-standard-kepler-sr2-java8-win32-x86_64/eclipse/avr-gcc-8.3.0-x64-mingw/bin/../lib/gcc/avr/8.3.0/../../../../avr/lib/avr6/crtatmega2560.o
 *(.init9)
 *(.text)
 .text          0x0000000000000126        0x4 c:/program files/eclipse kepler/eclipse-standard-kepler-sr2-java8-win32-x86_64/eclipse/avr-gcc-8.3.0-x64-mingw/bin/../lib/gcc/avr/8.3.0/../../../../avr/lib/avr6/crtatmega2560.o
                0x0000000000000126                __vector_38
                0x0000000000000126                __vector_22
                0x0000000000000126                __vector_28
                0x0000000000000126                __vector_1
                0x0000000000000126                __vector_32
                0x0000000000000126                __vector_34
                0x0000000000000126                __vector_24
                0x0000000000000126                __vector_12
                0x0000000000000126                __vector_55
                0x0000000000000126                __vector_46
                0x0000000000000126                __bad_interrupt
                0x0000000000000126                __vector_6
                0x0000000000000126                __vector_31
                0x0000000000000126                __vector_35
                0x0000000000000126                __vector_39
                0x0000000000000126                __vector_3
                0x0000000000000126                __vector_23
                0x0000000000000126                __vector_30
                0x0000000000000126                __vector_45
                0x0000000000000126                __vector_25
                0x0000000000000126                __vector_11
                0x0000000000000126                __vector_54
                0x0000000000000126                __vector_13
                0x0000000000000126                __vector_17
                0x0000000000000126                __vector_19
                0x0000000000000126                __vector_56
                0x0000000000000126                __vector_7
                0x0000000000000126                __vector_49
                0x0000000000000126                __vector_41
                0x0000000000000126                __vector_43
                0x0000000000000126                __vector_27
                0x0000000000000126                __vector_5
                0x0000000000000126                __vector_33
                0x0000000000000126                __vector_47
                0x0000000000000126                __vector_52
                0x0000000000000126                __vector_37
                0x0000000000000126                __vector_4
                0x0000000000000126                __vector_44
                0x0000000000000126                __vector_51
                0x0000000000000126                __vector_9
                0x0000000000000126                __vector_2
                0x0000000000000126                __vector_21
                0x0000000000000126                __vector_15
                0x0000000000000126                __vector_36
                0x0000000000000126                __vector_29
                0x0000000000000126                __vector_40
                0x0000000000000126                __vector_8
                0x0000000000000126                __vector_26
                0x0000000000000126                __vector_48
                0x0000000000000126                __vector_14
                0x0000000000000126                __vector_53
                0x0000000000000126                __vector_10
                0x0000000000000126                __vector_50
                0x0000000000000126                __vector_16
                0x0000000000000126                __vector_18
                0x0000000000000126                __vector_20
                0x0000000000000126                __vector_42
 .text          0x000000000000012a        0x0 ./adc.o
 .text          0x000000000000012a        0x0 ./main.o
 .text          0x000000000000012a        0x0 ./smartSensor.o
 .text          0x000000000000012a        0x0 ./spi.o
 .text          0x000000000000012a        0x0 ./uart.o
 .text          0x000000000000012a        0x0 c:/program files/eclipse kepler/eclipse-standard-kepler-sr2-java8-win32-x86_64/eclipse/avr-gcc-8.3.0-x64-mingw/bin/../lib/gcc/avr/8.3.0/avr6\libgcc.a(_exit.o)
 .text          0x000000000000012a        0x0 c:/program files/eclipse kepler/eclipse-standard-kepler-sr2-java8-win32-x86_64/eclipse/avr-gcc-8.3.0-x64-mingw/bin/../lib/gcc/avr/8.3.0/avr6\libgcc.a(_copy_data.o)
 .text          0x000000000000012a        0x0 c:/program files/eclipse kepler/eclipse-standard-kepler-sr2-java8-win32-x86_64/eclipse/avr-gcc-8.3.0-x64-mingw/bin/../lib/gcc/avr/8.3.0/avr6\libgcc.a(_clear_bss.o)
 .text          0x000000000000012a        0x0 c:/program files/eclipse kepler/eclipse-standard-kepler-sr2-java8-win32-x86_64/eclipse/avr-gcc-8.3.0-x64-mingw/bin/../lib/gcc/avr/8.3.0/../../../../avr/lib/avr6\libc.a(sprintf.o)
 .text          0x000000000000012a        0x0 c:/program files/eclipse kepler/eclipse-standard-kepler-sr2-java8-win32-x86_64/eclipse/avr-gcc-8.3.0-x64-mingw/bin/../lib/gcc/avr/8.3.0/../../../../avr/lib/avr6\libc.a(vfprintf_std.o)
 .text          0x000000000000012a        0x0 c:/program files/eclipse kepler/eclipse-standard-kepler-sr2-java8-win32-x86_64/eclipse/avr-gcc-8.3.0-x64-mingw/bin/../lib/gcc/avr/8.3.0/../../../../avr/lib/avr6\libc.a(strnlen_P.o)
 .text          0x000000000000012a        0x0 c:/program files/eclipse kepler/eclipse-standard-kepler-sr2-java8-win32-x86_64/eclipse/avr-gcc-8.3.0-x64-mingw/bin/../lib/gcc/avr/8.3.0/../../../../avr/lib/avr6\libc.a(strnlen.o)
 .text          0x000000000000012a        0x0 c:/program files/eclipse kepler/eclipse-standard-kepler-sr2-java8-win32-x86_64/eclipse/avr-gcc-8.3.0-x64-mingw/bin/../lib/gcc/avr/8.3.0/../../../../avr/lib/avr6\libc.a(fputc.o)
 .text          0x000000000000012a        0x0 c:/program files/eclipse kepler/eclipse-standard-kepler-sr2-java8-win32-x86_64/eclipse/avr-gcc-8.3.0-x64-mingw/bin/../lib/gcc/avr/8.3.0/../../../../avr/lib/avr6\libc.a(ultoa_invert.o)
                0x000000000000012a                . = ALIGN (0x2)
 *(.text.*)
 .text.ADC_Init
                0x000000000000012a       0x38 ./adc.o
                0x000000000000012a                ADC_Init
 .text.ADC_Read
                0x0000000000000162       0x54 ./adc.o
                0x0000000000000162                ADC_Read
 .text.startup.main
                0x00000000000001b6        0xe ./main.o
                0x00000000000001b6                main
 .text.smartSensor_read_analog
                0x00000000000001c4       0x36 ./smartSensor.o
                0x00000000000001c4                smartSensor_read_analog
 .text.smartSensor_kalibrasi
                0x00000000000001fa       0x74 ./smartSensor.o
                0x00000000000001fa                smartSensor_kalibrasi
 .text.smartSensor_run
                0x000000000000026e       0xd0 ./smartSensor.o
                0x000000000000026e                smartSensor_run
 .text.smartSensor_read_digital
                0x000000000000033e       0x5e ./smartSensor.o
                0x000000000000033e                smartSensor_read_digital
 .text.smartSensor_decision
                0x000000000000039c       0x3a ./smartSensor.o
                0x000000000000039c                smartSensor_decision
 .text.SPI_SlaveInit
                0x00000000000003d6        0xa ./spi.o
                0x00000000000003d6                SPI_SlaveInit
 .text.SPI_SlaveReceive
                0x00000000000003e0        0xc ./spi.o
                0x00000000000003e0                SPI_SlaveReceive
 .text.USART_Init
                0x00000000000003ec       0x18 ./uart.o
                0x00000000000003ec                USART_Init
 .text.USART_GetChar
                0x0000000000000404        0xe ./uart.o
                0x0000000000000404                USART_GetChar
 .text.USART_PutChar
                0x0000000000000412        0xe ./uart.o
                0x0000000000000412                USART_PutChar
 .text.USART_PutStr
                0x0000000000000420       0x18 ./uart.o
                0x0000000000000420                USART_PutStr
 .text.USART_PutNum
                0x0000000000000438       0x5a ./uart.o
                0x0000000000000438                USART_PutNum
 .text.libgcc.mul
                0x0000000000000492        0x0 c:/program files/eclipse kepler/eclipse-standard-kepler-sr2-java8-win32-x86_64/eclipse/avr-gcc-8.3.0-x64-mingw/bin/../lib/gcc/avr/8.3.0/avr6\libgcc.a(_exit.o)
 .text.libgcc.div
                0x0000000000000492        0x0 c:/program files/eclipse kepler/eclipse-standard-kepler-sr2-java8-win32-x86_64/eclipse/avr-gcc-8.3.0-x64-mingw/bin/../lib/gcc/avr/8.3.0/avr6\libgcc.a(_exit.o)
 .text.libgcc   0x0000000000000492        0x0 c:/program files/eclipse kepler/eclipse-standard-kepler-sr2-java8-win32-x86_64/eclipse/avr-gcc-8.3.0-x64-mingw/bin/../lib/gcc/avr/8.3.0/avr6\libgcc.a(_exit.o)
 .text.libgcc.prologue
                0x0000000000000492        0x0 c:/program files/eclipse kepler/eclipse-standard-kepler-sr2-java8-win32-x86_64/eclipse/avr-gcc-8.3.0-x64-mingw/bin/../lib/gcc/avr/8.3.0/avr6\libgcc.a(_exit.o)
 .text.libgcc.builtins
                0x0000000000000492        0x0 c:/program files/eclipse kepler/eclipse-standard-kepler-sr2-java8-win32-x86_64/eclipse/avr-gcc-8.3.0-x64-mingw/bin/../lib/gcc/avr/8.3.0/avr6\libgcc.a(_exit.o)
 .text.libgcc.fmul
                0x0000000000000492        0x0 c:/program files/eclipse kepler/eclipse-standard-kepler-sr2-java8-win32-x86_64/eclipse/avr-gcc-8.3.0-x64-mingw/bin/../lib/gcc/avr/8.3.0/avr6\libgcc.a(_exit.o)
 .text.libgcc.fixed
                0x0000000000000492        0x0 c:/program files/eclipse kepler/eclipse-standard-kepler-sr2-java8-win32-x86_64/eclipse/avr-gcc-8.3.0-x64-mingw/bin/../lib/gcc/avr/8.3.0/avr6\libgcc.a(_exit.o)
 .text.libgcc.mul
                0x0000000000000492        0x0 c:/program files/eclipse kepler/eclipse-standard-kepler-sr2-java8-win32-x86_64/eclipse/avr-gcc-8.3.0-x64-mingw/bin/../lib/gcc/avr/8.3.0/avr6\libgcc.a(_copy_data.o)
 .text.libgcc.div
                0x0000000000000492        0x0 c:/program files/eclipse kepler/eclipse-standard-kepler-sr2-java8-win32-x86_64/eclipse/avr-gcc-8.3.0-x64-mingw/bin/../lib/gcc/avr/8.3.0/avr6\libgcc.a(_copy_data.o)
 .text.libgcc   0x0000000000000492        0x0 c:/program files/eclipse kepler/eclipse-standard-kepler-sr2-java8-win32-x86_64/eclipse/avr-gcc-8.3.0-x64-mingw/bin/../lib/gcc/avr/8.3.0/avr6\libgcc.a(_copy_data.o)
 .text.libgcc.prologue
                0x0000000000000492        0x0 c:/program files/eclipse kepler/eclipse-standard-kepler-sr2-java8-win32-x86_64/eclipse/avr-gcc-8.3.0-x64-mingw/bin/../lib/gcc/avr/8.3.0/avr6\libgcc.a(_copy_data.o)
 .text.libgcc.builtins
                0x0000000000000492        0x0 c:/program files/eclipse kepler/eclipse-standard-kepler-sr2-java8-win32-x86_64/eclipse/avr-gcc-8.3.0-x64-mingw/bin/../lib/gcc/avr/8.3.0/avr6\libgcc.a(_copy_data.o)
 .text.libgcc.fmul
                0x0000000000000492        0x0 c:/program files/eclipse kepler/eclipse-standard-kepler-sr2-java8-win32-x86_64/eclipse/avr-gcc-8.3.0-x64-mingw/bin/../lib/gcc/avr/8.3.0/avr6\libgcc.a(_copy_data.o)
 .text.libgcc.fixed
                0x0000000000000492        0x0 c:/program files/eclipse kepler/eclipse-standard-kepler-sr2-java8-win32-x86_64/eclipse/avr-gcc-8.3.0-x64-mingw/bin/../lib/gcc/avr/8.3.0/avr6\libgcc.a(_copy_data.o)
 .text.libgcc.mul
                0x0000000000000492        0x0 c:/program files/eclipse kepler/eclipse-standard-kepler-sr2-java8-win32-x86_64/eclipse/avr-gcc-8.3.0-x64-mingw/bin/../lib/gcc/avr/8.3.0/avr6\libgcc.a(_clear_bss.o)
 .text.libgcc.div
                0x0000000000000492        0x0 c:/program files/eclipse kepler/eclipse-standard-kepler-sr2-java8-win32-x86_64/eclipse/avr-gcc-8.3.0-x64-mingw/bin/../lib/gcc/avr/8.3.0/avr6\libgcc.a(_clear_bss.o)
 .text.libgcc   0x0000000000000492        0x0 c:/program files/eclipse kepler/eclipse-standard-kepler-sr2-java8-win32-x86_64/eclipse/avr-gcc-8.3.0-x64-mingw/bin/../lib/gcc/avr/8.3.0/avr6\libgcc.a(_clear_bss.o)
 .text.libgcc.prologue
                0x0000000000000492        0x0 c:/program files/eclipse kepler/eclipse-standard-kepler-sr2-java8-win32-x86_64/eclipse/avr-gcc-8.3.0-x64-mingw/bin/../lib/gcc/avr/8.3.0/avr6\libgcc.a(_clear_bss.o)
 .text.libgcc.builtins
                0x0000000000000492        0x0 c:/program files/eclipse kepler/eclipse-standard-kepler-sr2-java8-win32-x86_64/eclipse/avr-gcc-8.3.0-x64-mingw/bin/../lib/gcc/avr/8.3.0/avr6\libgcc.a(_clear_bss.o)
 .text.libgcc.fmul
                0x0000000000000492        0x0 c:/program files/eclipse kepler/eclipse-standard-kepler-sr2-java8-win32-x86_64/eclipse/avr-gcc-8.3.0-x64-mingw/bin/../lib/gcc/avr/8.3.0/avr6\libgcc.a(_clear_bss.o)
 .text.libgcc.fixed
                0x0000000000000492        0x0 c:/program files/eclipse kepler/eclipse-standard-kepler-sr2-java8-win32-x86_64/eclipse/avr-gcc-8.3.0-x64-mingw/bin/../lib/gcc/avr/8.3.0/avr6\libgcc.a(_clear_bss.o)
 .text.avr-libc
                0x0000000000000492       0x60 c:/program files/eclipse kepler/eclipse-standard-kepler-sr2-java8-win32-x86_64/eclipse/avr-gcc-8.3.0-x64-mingw/bin/../lib/gcc/avr/8.3.0/../../../../avr/lib/avr6\libc.a(sprintf.o)
                0x0000000000000492                sprintf
 .text.avr-libc
                0x00000000000004f2      0x3e6 c:/program files/eclipse kepler/eclipse-standard-kepler-sr2-java8-win32-x86_64/eclipse/avr-gcc-8.3.0-x64-mingw/bin/../lib/gcc/avr/8.3.0/../../../../avr/lib/avr6\libc.a(vfprintf_std.o)
                0x00000000000004f2                vfprintf
 .text.avr-libc
                0x00000000000008d8       0x16 c:/program files/eclipse kepler/eclipse-standard-kepler-sr2-java8-win32-x86_64/eclipse/avr-gcc-8.3.0-x64-mingw/bin/../lib/gcc/avr/8.3.0/../../../../avr/lib/avr6\libc.a(strnlen_P.o)
                0x00000000000008d8                strnlen_P
 .text.avr-libc
                0x00000000000008ee       0x16 c:/program files/eclipse kepler/eclipse-standard-kepler-sr2-java8-win32-x86_64/eclipse/avr-gcc-8.3.0-x64-mingw/bin/../lib/gcc/avr/8.3.0/../../../../avr/lib/avr6\libc.a(strnlen.o)
                0x00000000000008ee                strnlen
 .text.avr-libc
                0x0000000000000904       0x60 c:/program files/eclipse kepler/eclipse-standard-kepler-sr2-java8-win32-x86_64/eclipse/avr-gcc-8.3.0-x64-mingw/bin/../lib/gcc/avr/8.3.0/../../../../avr/lib/avr6\libc.a(fputc.o)
                0x0000000000000904                fputc
 .text.avr-libc
                0x0000000000000964       0xbc c:/program files/eclipse kepler/eclipse-standard-kepler-sr2-java8-win32-x86_64/eclipse/avr-gcc-8.3.0-x64-mingw/bin/../lib/gcc/avr/8.3.0/../../../../avr/lib/avr6\libc.a(ultoa_invert.o)
                0x0000000000000964                __ultoa_invert
                0x0000000000000a20                . = ALIGN (0x2)
 *(.fini9)
 .fini9         0x0000000000000a20        0x0 c:/program files/eclipse kepler/eclipse-standard-kepler-sr2-java8-win32-x86_64/eclipse/avr-gcc-8.3.0-x64-mingw/bin/../lib/gcc/avr/8.3.0/avr6\libgcc.a(_exit.o)
                0x0000000000000a20                _exit
                0x0000000000000a20                exit
 *(.fini9)
 *(.fini8)
 *(.fini8)
 *(.fini7)
 *(.fini7)
 *(.fini6)
 *(.fini6)
 *(.fini5)
 *(.fini5)
 *(.fini4)
 *(.fini4)
 *(.fini3)
 *(.fini3)
 *(.fini2)
 *(.fini2)
 *(.fini1)
 *(.fini1)
 *(.fini0)
 .fini0         0x0000000000000a20        0x4 c:/program files/eclipse kepler/eclipse-standard-kepler-sr2-java8-win32-x86_64/eclipse/avr-gcc-8.3.0-x64-mingw/bin/../lib/gcc/avr/8.3.0/avr6\libgcc.a(_exit.o)
 *(.fini0)
 *(.hightext)
 *(.hightext*)
 *(.progmemx.*)
                0x0000000000000a24                . = ALIGN (0x2)
 *(.jumptables)
 *(.jumptables*)
                0x0000000000000a24                _etext = .

.data           0x0000000000800200        0xc load address 0x0000000000000a24
                0x0000000000800200                PROVIDE (__data_start = .)
 *(.data)
 .data          0x0000000000800200        0x0 c:/program files/eclipse kepler/eclipse-standard-kepler-sr2-java8-win32-x86_64/eclipse/avr-gcc-8.3.0-x64-mingw/bin/../lib/gcc/avr/8.3.0/../../../../avr/lib/avr6/crtatmega2560.o
 .data          0x0000000000800200        0x0 ./adc.o
 .data          0x0000000000800200        0x0 ./main.o
 .data          0x0000000000800200        0x0 ./smartSensor.o
 .data          0x0000000000800200        0x0 ./spi.o
 .data          0x0000000000800200        0x0 ./uart.o
 .data          0x0000000000800200        0x0 c:/program files/eclipse kepler/eclipse-standard-kepler-sr2-java8-win32-x86_64/eclipse/avr-gcc-8.3.0-x64-mingw/bin/../lib/gcc/avr/8.3.0/avr6\libgcc.a(_exit.o)
 .data          0x0000000000800200        0x0 c:/program files/eclipse kepler/eclipse-standard-kepler-sr2-java8-win32-x86_64/eclipse/avr-gcc-8.3.0-x64-mingw/bin/../lib/gcc/avr/8.3.0/avr6\libgcc.a(_copy_data.o)
 .data          0x0000000000800200        0x0 c:/program files/eclipse kepler/eclipse-standard-kepler-sr2-java8-win32-x86_64/eclipse/avr-gcc-8.3.0-x64-mingw/bin/../lib/gcc/avr/8.3.0/avr6\libgcc.a(_clear_bss.o)
 .data          0x0000000000800200        0x0 c:/program files/eclipse kepler/eclipse-standard-kepler-sr2-java8-win32-x86_64/eclipse/avr-gcc-8.3.0-x64-mingw/bin/../lib/gcc/avr/8.3.0/../../../../avr/lib/avr6\libc.a(sprintf.o)
 .data          0x0000000000800200        0x0 c:/program files/eclipse kepler/eclipse-standard-kepler-sr2-java8-win32-x86_64/eclipse/avr-gcc-8.3.0-x64-mingw/bin/../lib/gcc/avr/8.3.0/../../../../avr/lib/avr6\libc.a(vfprintf_std.o)
 .data          0x0000000000800200        0x0 c:/program files/eclipse kepler/eclipse-standard-kepler-sr2-java8-win32-x86_64/eclipse/avr-gcc-8.3.0-x64-mingw/bin/../lib/gcc/avr/8.3.0/../../../../avr/lib/avr6\libc.a(strnlen_P.o)
 .data          0x0000000000800200        0x0 c:/program files/eclipse kepler/eclipse-standard-kepler-sr2-java8-win32-x86_64/eclipse/avr-gcc-8.3.0-x64-mingw/bin/../lib/gcc/avr/8.3.0/../../../../avr/lib/avr6\libc.a(strnlen.o)
 .data          0x0000000000800200        0x0 c:/program files/eclipse kepler/eclipse-standard-kepler-sr2-java8-win32-x86_64/eclipse/avr-gcc-8.3.0-x64-mingw/bin/../lib/gcc/avr/8.3.0/../../../../avr/lib/avr6\libc.a(fputc.o)
 .data          0x0000000000800200        0x0 c:/program files/eclipse kepler/eclipse-standard-kepler-sr2-java8-win32-x86_64/eclipse/avr-gcc-8.3.0-x64-mingw/bin/../lib/gcc/avr/8.3.0/../../../../avr/lib/avr6\libc.a(ultoa_invert.o)
 *(.data*)
 .data.smin     0x0000000000800200        0x6 ./smartSensor.o
                0x0000000000800200                smin
 .data.kirim    0x0000000000800206        0x1 ./smartSensor.o
                0x0000000000800206                kirim
 .data.address  0x0000000000800207        0x1 ./smartSensor.o
                0x0000000000800207                address
 *(.gnu.linkonce.d*)
 *(.rodata)
 *(.rodata*)
 .rodata.USART_PutNum.str1.1
                0x0000000000800208        0x3 ./uart.o
 *(.gnu.linkonce.r*)
                0x000000000080020c                . = ALIGN (0x2)
 *fill*         0x000000000080020b        0x1 
                0x000000000080020c                _edata = .
                0x000000000080020c                PROVIDE (__data_end = .)

.bss            0x000000000080020c       0x24
                0x000000000080020c                PROVIDE (__bss_start = .)
 *(.bss)
 .bss           0x000000000080020c        0x0 c:/program files/eclipse kepler/eclipse-standard-kepler-sr2-java8-win32-x86_64/eclipse/avr-gcc-8.3.0-x64-mingw/bin/../lib/gcc/avr/8.3.0/../../../../avr/lib/avr6/crtatmega2560.o
 .bss           0x000000000080020c        0x0 ./adc.o
 .bss           0x000000000080020c        0x0 ./main.o
 .bss           0x000000000080020c        0x0 ./smartSensor.o
 .bss           0x000000000080020c        0x0 ./spi.o
 .bss           0x000000000080020c        0x0 ./uart.o
 .bss           0x000000000080020c        0x0 c:/program files/eclipse kepler/eclipse-standard-kepler-sr2-java8-win32-x86_64/eclipse/avr-gcc-8.3.0-x64-mingw/bin/../lib/gcc/avr/8.3.0/avr6\libgcc.a(_exit.o)
 .bss           0x000000000080020c        0x0 c:/program files/eclipse kepler/eclipse-standard-kepler-sr2-java8-win32-x86_64/eclipse/avr-gcc-8.3.0-x64-mingw/bin/../lib/gcc/avr/8.3.0/avr6\libgcc.a(_copy_data.o)
 .bss           0x000000000080020c        0x0 c:/program files/eclipse kepler/eclipse-standard-kepler-sr2-java8-win32-x86_64/eclipse/avr-gcc-8.3.0-x64-mingw/bin/../lib/gcc/avr/8.3.0/avr6\libgcc.a(_clear_bss.o)
 .bss           0x000000000080020c        0x0 c:/program files/eclipse kepler/eclipse-standard-kepler-sr2-java8-win32-x86_64/eclipse/avr-gcc-8.3.0-x64-mingw/bin/../lib/gcc/avr/8.3.0/../../../../avr/lib/avr6\libc.a(sprintf.o)
 .bss           0x000000000080020c        0x0 c:/program files/eclipse kepler/eclipse-standard-kepler-sr2-java8-win32-x86_64/eclipse/avr-gcc-8.3.0-x64-mingw/bin/../lib/gcc/avr/8.3.0/../../../../avr/lib/avr6\libc.a(vfprintf_std.o)
 .bss           0x000000000080020c        0x0 c:/program files/eclipse kepler/eclipse-standard-kepler-sr2-java8-win32-x86_64/eclipse/avr-gcc-8.3.0-x64-mingw/bin/../lib/gcc/avr/8.3.0/../../../../avr/lib/avr6\libc.a(strnlen_P.o)
 .bss           0x000000000080020c        0x0 c:/program files/eclipse kepler/eclipse-standard-kepler-sr2-java8-win32-x86_64/eclipse/avr-gcc-8.3.0-x64-mingw/bin/../lib/gcc/avr/8.3.0/../../../../avr/lib/avr6\libc.a(strnlen.o)
 .bss           0x000000000080020c        0x0 c:/program files/eclipse kepler/eclipse-standard-kepler-sr2-java8-win32-x86_64/eclipse/avr-gcc-8.3.0-x64-mingw/bin/../lib/gcc/avr/8.3.0/../../../../avr/lib/avr6\libc.a(fputc.o)
 .bss           0x000000000080020c        0x0 c:/program files/eclipse kepler/eclipse-standard-kepler-sr2-java8-win32-x86_64/eclipse/avr-gcc-8.3.0-x64-mingw/bin/../lib/gcc/avr/8.3.0/../../../../avr/lib/avr6\libc.a(ultoa_invert.o)
 *(.bss*)
 .bss.sfix      0x000000000080020c        0x1 ./smartSensor.o
                0x000000000080020c                sfix
 .bss.smax      0x000000000080020d        0x6 ./smartSensor.o
                0x000000000080020d                smax
 .bss.sensor    0x0000000000800213        0x6 ./smartSensor.o
                0x0000000000800213                sensor
 .bss.shigh     0x0000000000800219        0x3 ./smartSensor.o
                0x0000000000800219                shigh
 .bss.slow      0x000000000080021c        0x3 ./smartSensor.o
                0x000000000080021c                slow
 *(COMMON)
 COMMON         0x000000000080021f        0x4 ./adc.o
                0x000000000080021f                data1
                0x0000000000800221                data2
 COMMON         0x0000000000800223        0x2 ./main.o
                0x0000000000800223                full
 COMMON         0x0000000000800225        0xb ./smartSensor.o
                0x0000000000800225                sthres
                0x000000000080022b                sdec
                0x000000000080022c                sdig
                0x000000000080022f                selow
                0x0000000000800230                PROVIDE (__bss_end = .)
                0x0000000000000a24                __data_load_start = LOADADDR (.data)
                0x0000000000000a30                __data_load_end = (__data_load_start + SIZEOF (.data))

.noinit         0x0000000000800230        0x0
                [!provide]                        PROVIDE (__noinit_start = .)
 *(.noinit*)
                [!provide]                        PROVIDE (__noinit_end = .)
                0x0000000000800230                _end = .
                [!provide]                        PROVIDE (__heap_start = .)

.eeprom         0x0000000000810000        0x0
 *(.eeprom*)
                0x0000000000810000                __eeprom_end = .

.fuse
 *(.fuse)
 *(.lfuse)
 *(.hfuse)
 *(.efuse)

.lock
 *(.lock*)

.signature
 *(.signature*)

.stab
 *(.stab)

.stabstr
 *(.stabstr)

.stab.excl
 *(.stab.excl)

.stab.exclstr
 *(.stab.exclstr)

.stab.index
 *(.stab.index)

.stab.indexstr
 *(.stab.indexstr)

.comment        0x0000000000000000       0x11
 *(.comment)
 .comment       0x0000000000000000       0x11 ./adc.o
                                         0x12 (size before relaxing)
 .comment       0x0000000000000011       0x12 ./main.o
 .comment       0x0000000000000011       0x12 ./smartSensor.o
 .comment       0x0000000000000011       0x12 ./spi.o
 .comment       0x0000000000000011       0x12 ./uart.o
 .comment       0x0000000000000011       0x12 c:/program files/eclipse kepler/eclipse-standard-kepler-sr2-java8-win32-x86_64/eclipse/avr-gcc-8.3.0-x64-mingw/bin/../lib/gcc/avr/8.3.0/../../../../avr/lib/avr6\libc.a(sprintf.o)
 .comment       0x0000000000000011       0x12 c:/program files/eclipse kepler/eclipse-standard-kepler-sr2-java8-win32-x86_64/eclipse/avr-gcc-8.3.0-x64-mingw/bin/../lib/gcc/avr/8.3.0/../../../../avr/lib/avr6\libc.a(vfprintf_std.o)
 .comment       0x0000000000000011       0x12 c:/program files/eclipse kepler/eclipse-standard-kepler-sr2-java8-win32-x86_64/eclipse/avr-gcc-8.3.0-x64-mingw/bin/../lib/gcc/avr/8.3.0/../../../../avr/lib/avr6\libc.a(fputc.o)

.note.gnu.avr.deviceinfo
                0x0000000000000000       0x40
 .note.gnu.avr.deviceinfo
                0x0000000000000000       0x40 c:/program files/eclipse kepler/eclipse-standard-kepler-sr2-java8-win32-x86_64/eclipse/avr-gcc-8.3.0-x64-mingw/bin/../lib/gcc/avr/8.3.0/../../../../avr/lib/avr6/crtatmega2560.o

.note.gnu.build-id
 *(.note.gnu.build-id)

.debug
 *(.debug)

.line
 *(.line)

.debug_srcinfo
 *(.debug_srcinfo)

.debug_sfnames
 *(.debug_sfnames)

.debug_aranges  0x0000000000000000       0x60
 *(.debug_aranges)
 .debug_aranges
                0x0000000000000000       0x20 c:/program files/eclipse kepler/eclipse-standard-kepler-sr2-java8-win32-x86_64/eclipse/avr-gcc-8.3.0-x64-mingw/bin/../lib/gcc/avr/8.3.0/avr6\libgcc.a(_exit.o)
 .debug_aranges
                0x0000000000000020       0x20 c:/program files/eclipse kepler/eclipse-standard-kepler-sr2-java8-win32-x86_64/eclipse/avr-gcc-8.3.0-x64-mingw/bin/../lib/gcc/avr/8.3.0/avr6\libgcc.a(_copy_data.o)
 .debug_aranges
                0x0000000000000040       0x20 c:/program files/eclipse kepler/eclipse-standard-kepler-sr2-java8-win32-x86_64/eclipse/avr-gcc-8.3.0-x64-mingw/bin/../lib/gcc/avr/8.3.0/avr6\libgcc.a(_clear_bss.o)

.debug_pubnames
 *(.debug_pubnames)

.debug_info     0x0000000000000000      0xc2e
 *(.debug_info .gnu.linkonce.wi.*)
 .debug_info    0x0000000000000000      0xbbc c:/program files/eclipse kepler/eclipse-standard-kepler-sr2-java8-win32-x86_64/eclipse/avr-gcc-8.3.0-x64-mingw/bin/../lib/gcc/avr/8.3.0/../../../../avr/lib/avr6/crtatmega2560.o
 .debug_info    0x0000000000000bbc       0x26 c:/program files/eclipse kepler/eclipse-standard-kepler-sr2-java8-win32-x86_64/eclipse/avr-gcc-8.3.0-x64-mingw/bin/../lib/gcc/avr/8.3.0/avr6\libgcc.a(_exit.o)
 .debug_info    0x0000000000000be2       0x26 c:/program files/eclipse kepler/eclipse-standard-kepler-sr2-java8-win32-x86_64/eclipse/avr-gcc-8.3.0-x64-mingw/bin/../lib/gcc/avr/8.3.0/avr6\libgcc.a(_copy_data.o)
 .debug_info    0x0000000000000c08       0x26 c:/program files/eclipse kepler/eclipse-standard-kepler-sr2-java8-win32-x86_64/eclipse/avr-gcc-8.3.0-x64-mingw/bin/../lib/gcc/avr/8.3.0/avr6\libgcc.a(_clear_bss.o)

.debug_abbrev   0x0000000000000000      0xb56
 *(.debug_abbrev)
 .debug_abbrev  0x0000000000000000      0xb1a c:/program files/eclipse kepler/eclipse-standard-kepler-sr2-java8-win32-x86_64/eclipse/avr-gcc-8.3.0-x64-mingw/bin/../lib/gcc/avr/8.3.0/../../../../avr/lib/avr6/crtatmega2560.o
 .debug_abbrev  0x0000000000000b1a       0x14 c:/program files/eclipse kepler/eclipse-standard-kepler-sr2-java8-win32-x86_64/eclipse/avr-gcc-8.3.0-x64-mingw/bin/../lib/gcc/avr/8.3.0/avr6\libgcc.a(_exit.o)
 .debug_abbrev  0x0000000000000b2e       0x14 c:/program files/eclipse kepler/eclipse-standard-kepler-sr2-java8-win32-x86_64/eclipse/avr-gcc-8.3.0-x64-mingw/bin/../lib/gcc/avr/8.3.0/avr6\libgcc.a(_copy_data.o)
 .debug_abbrev  0x0000000000000b42       0x14 c:/program files/eclipse kepler/eclipse-standard-kepler-sr2-java8-win32-x86_64/eclipse/avr-gcc-8.3.0-x64-mingw/bin/../lib/gcc/avr/8.3.0/avr6\libgcc.a(_clear_bss.o)

.debug_line     0x0000000000000000      0x1a6
 *(.debug_line .debug_line.* .debug_line_end)
 .debug_line    0x0000000000000000       0x1d c:/program files/eclipse kepler/eclipse-standard-kepler-sr2-java8-win32-x86_64/eclipse/avr-gcc-8.3.0-x64-mingw/bin/../lib/gcc/avr/8.3.0/../../../../avr/lib/avr6/crtatmega2560.o
 .debug_line    0x000000000000001d       0x61 c:/program files/eclipse kepler/eclipse-standard-kepler-sr2-java8-win32-x86_64/eclipse/avr-gcc-8.3.0-x64-mingw/bin/../lib/gcc/avr/8.3.0/avr6\libgcc.a(_exit.o)
 .debug_line    0x000000000000007e       0xa3 c:/program files/eclipse kepler/eclipse-standard-kepler-sr2-java8-win32-x86_64/eclipse/avr-gcc-8.3.0-x64-mingw/bin/../lib/gcc/avr/8.3.0/avr6\libgcc.a(_copy_data.o)
 .debug_line    0x0000000000000121       0x85 c:/program files/eclipse kepler/eclipse-standard-kepler-sr2-java8-win32-x86_64/eclipse/avr-gcc-8.3.0-x64-mingw/bin/../lib/gcc/avr/8.3.0/avr6\libgcc.a(_clear_bss.o)

.debug_frame
 *(.debug_frame)

.debug_str      0x0000000000000000      0x444
 *(.debug_str)
 .debug_str     0x0000000000000000      0x3e6 c:/program files/eclipse kepler/eclipse-standard-kepler-sr2-java8-win32-x86_64/eclipse/avr-gcc-8.3.0-x64-mingw/bin/../lib/gcc/avr/8.3.0/../../../../avr/lib/avr6/crtatmega2560.o
 .debug_str     0x00000000000003e6       0x5e c:/program files/eclipse kepler/eclipse-standard-kepler-sr2-java8-win32-x86_64/eclipse/avr-gcc-8.3.0-x64-mingw/bin/../lib/gcc/avr/8.3.0/avr6\libgcc.a(_exit.o)
 .debug_str     0x0000000000000444       0x5e c:/program files/eclipse kepler/eclipse-standard-kepler-sr2-java8-win32-x86_64/eclipse/avr-gcc-8.3.0-x64-mingw/bin/../lib/gcc/avr/8.3.0/avr6\libgcc.a(_copy_data.o)
 .debug_str     0x0000000000000444       0x5e c:/program files/eclipse kepler/eclipse-standard-kepler-sr2-java8-win32-x86_64/eclipse/avr-gcc-8.3.0-x64-mingw/bin/../lib/gcc/avr/8.3.0/avr6\libgcc.a(_clear_bss.o)

.debug_loc
 *(.debug_loc)

.debug_macinfo
 *(.debug_macinfo)

.debug_weaknames
 *(.debug_weaknames)

.debug_funcnames
 *(.debug_funcnames)

.debug_typenames
 *(.debug_typenames)

.debug_varnames
 *(.debug_varnames)

.debug_pubtypes
 *(.debug_pubtypes)

.debug_ranges
 *(.debug_ranges)

.debug_macro
 *(.debug_macro)

.debug_addr
 *(.debug_addr)
OUTPUT(Smart-Sensor-v2.elf elf32-avr)
LOAD linker stubs
